Component: Arm Compiler for Embedded 6.21 Tool: armlink [5ec1fa00]

==============================================================================

Section Cross References

    stdout_usart.o(.ARM.exidx.text.stdout_init) refers to stdout_usart.o(.text.stdout_init) for [Anonymous Symbol]
    stdout_usart.o(.ARM.exidx.text.stdout_putchar) refers to stdout_usart.o(.text.stdout_putchar) for [Anonymous Symbol]
    rtos.o(.text.AllocateThread) refers to rtos.o(.data.ThreadIndex) for ThreadIndex
    rtos.o(.text.AllocateThread) refers to rtos.o(.bss.ThreadList) for ThreadList
    rtos.o(.ARM.exidx.text.AllocateThread) refers to rtos.o(.text.AllocateThread) for [Anonymous Symbol]
    rtos.o(.text.OSThreadInit) refers to rtos.o(.data.ThreadIndex) for ThreadIndex
    rtos.o(.text.OSThreadInit) refers to rtos.o(.bss.ThreadList) for ThreadList
    rtos.o(.ARM.exidx.text.OSThreadInit) refers to rtos.o(.text.OSThreadInit) for [Anonymous Symbol]
    rtos.o(.text.OSInit) refers to rtos.o(.bss.OSCur) for OSCur
    rtos.o(.text.OSInit) refers to rtos.o(.data.temp) for temp
    rtos.o(.text.OSInit) refers to rtos.o(.bss.OSNext) for OSNext
    rtos.o(.ARM.exidx.text.OSInit) refers to rtos.o(.text.OSInit) for [Anonymous Symbol]
    rtos.o(.text.OS_Scheduler) refers to rtos.o(.data.ThreadIndex) for ThreadIndex
    rtos.o(.text.OS_Scheduler) refers to rtos.o(.bss.OSNext) for OSNext
    rtos.o(.text.OS_Scheduler) refers to rtos.o(.bss.ThreadList) for ThreadList
    rtos.o(.ARM.exidx.text.OS_Scheduler) refers to rtos.o(.text.OS_Scheduler) for [Anonymous Symbol]
    rtos.o(.text.PendSV_Handler) refers to rtos.o(.bss.OSCur) for OSCur
    rtos.o(.text.PendSV_Handler) refers to rtos.o(.bss.OSNext) for OSNext
    rtos.o(.ARM.exidx.text.PendSV_Handler) refers to rtos.o(.text.PendSV_Handler) for [Anonymous Symbol]
    rtos.o(.data.temp) refers to rtos.o(.bss.ThreadList) for ThreadList
    main.o(.text.SysTick_Handler) refers to main.o(.bss.msTicks) for msTicks
    main.o(.text.SysTick_Handler) refers to rtos.o(.text.OS_Scheduler) for OS_Scheduler
    main.o(.ARM.exidx.text.SysTick_Handler) refers to main.o(.text.SysTick_Handler) for [Anonymous Symbol]
    main.o(.text.Delay) refers to main.o(.bss.msTicks) for msTicks
    main.o(.ARM.exidx.text.Delay) refers to main.o(.text.Delay) for [Anonymous Symbol]
    main.o(.ARM.exidx.text.SystemCoreClockConfigure) refers to main.o(.text.SystemCoreClockConfigure) for [Anonymous Symbol]
    main.o(.text.OS_run) refers to system_stm32f4xx.o(.text.SystemCoreClockUpdate) for SystemCoreClockUpdate
    main.o(.text.OS_run) refers to system_stm32f4xx.o(.data.SystemCoreClock) for SystemCoreClock
    main.o(.text.OS_run) refers to rtos.o(.text.OSInit) for OSInit
    main.o(.ARM.exidx.text.OS_run) refers to main.o(.text.OS_run) for [Anonymous Symbol]
    main.o(.ARM.exidx.text.GPIO_Init) refers to main.o(.text.GPIO_Init) for [Anonymous Symbol]
    main.o(.ARM.exidx.text.GPIO_WritePin) refers to main.o(.text.GPIO_WritePin) for [Anonymous Symbol]
    main.o(.text.blink1) refers to main.o(.bss.msTicks) for msTicks
    main.o(.ARM.exidx.text.blink1) refers to main.o(.text.blink1) for [Anonymous Symbol]
    main.o(.text.blink2) refers to main.o(.bss.msTicks) for msTicks
    main.o(.ARM.exidx.text.blink2) refers to main.o(.text.blink2) for [Anonymous Symbol]
    main.o(.text.main) refers to led_nucleo-f446re.o(.text.LED_GetCount) for LED_GetCount
    main.o(.text.main) refers to led_nucleo-f446re.o(.text.LED_Initialize) for LED_Initialize
    main.o(.text.main) refers to buttons_nucleo-f446re.o(.text.Buttons_Initialize) for Buttons_Initialize
    main.o(.text.main) refers to stdout_usart.o(.text.stdout_init) for stdout_init
    main.o(.text.main) refers to rtos.o(.bss.stack) for stack
    main.o(.text.main) refers to main.o(.text.blink1) for blink1
    main.o(.text.main) refers to rtos.o(.text.OSThreadInit) for OSThreadInit
    main.o(.text.main) refers to main.o(.text.blink2) for blink2
    main.o(.text.main) refers to main.o(.text.OS_run) for OS_run
    main.o(.ARM.exidx.text.main) refers to main.o(.text.main) for [Anonymous Symbol]
    buttons_nucleo-f446re.o(.ARM.exidx.text.Buttons_Initialize) refers to buttons_nucleo-f446re.o(.text.Buttons_Initialize) for [Anonymous Symbol]
    buttons_nucleo-f446re.o(.ARM.exidx.text.Buttons_Uninitialize) refers to buttons_nucleo-f446re.o(.text.Buttons_Uninitialize) for [Anonymous Symbol]
    buttons_nucleo-f446re.o(.ARM.exidx.text.Buttons_GetState) refers to buttons_nucleo-f446re.o(.text.Buttons_GetState) for [Anonymous Symbol]
    buttons_nucleo-f446re.o(.ARM.exidx.text.Buttons_GetCount) refers to buttons_nucleo-f446re.o(.text.Buttons_GetCount) for [Anonymous Symbol]
    led_nucleo-f446re.o(.ARM.exidx.text.LED_Initialize) refers to led_nucleo-f446re.o(.text.LED_Initialize) for [Anonymous Symbol]
    led_nucleo-f446re.o(.ARM.exidx.text.LED_Uninitialize) refers to led_nucleo-f446re.o(.text.LED_Uninitialize) for [Anonymous Symbol]
    led_nucleo-f446re.o(.ARM.exidx.text.LED_On) refers to led_nucleo-f446re.o(.text.LED_On) for [Anonymous Symbol]
    led_nucleo-f446re.o(.ARM.exidx.text.LED_Off) refers to led_nucleo-f446re.o(.text.LED_Off) for [Anonymous Symbol]
    led_nucleo-f446re.o(.ARM.exidx.text.LED_SetOut) refers to led_nucleo-f446re.o(.text.LED_SetOut) for [Anonymous Symbol]
    led_nucleo-f446re.o(.ARM.exidx.text.LED_GetCount) refers to led_nucleo-f446re.o(.text.LED_GetCount) for [Anonymous Symbol]
    retarget_io.o(.text.fputc) refers to stdout.o(.data) for __stdout
    retarget_io.o(.text.fputc) refers to stdout_usart.o(.text.stdout_putchar) for stdout_putchar
    retarget_io.o(.ARM.exidx.text.fputc) refers to retarget_io.o(.text.fputc) for [Anonymous Symbol]
    retarget_io.o(.ARM.exidx.text.fgetc) refers to retarget_io.o(.text.fgetc) for [Anonymous Symbol]
    retarget_io.o(.ARM.exidx.text.__backspace) refers to retarget_io.o(.text.__backspace) for [Anonymous Symbol]
    retarget_io.o(.text.__aeabi_assert) refers to stderr.o(.data) for __stderr
    retarget_io.o(.text.__aeabi_assert) refers to fwrite.o(i.fwrite) for fwrite
    retarget_io.o(.text.__aeabi_assert) refers to fputs.o(i.fputs) for fputs
    retarget_io.o(.text.__aeabi_assert) refers to retarget_io.o(.text.abort) for abort
    retarget_io.o(.ARM.exidx.text.__aeabi_assert) refers to retarget_io.o(.text.__aeabi_assert) for [Anonymous Symbol]
    retarget_io.o(.ARM.exidx.text.abort) refers to retarget_io.o(.text.abort) for [Anonymous Symbol]
    startup_stm32f446xx.o(RESET) refers to startup_stm32f446xx.o(STACK) for __initial_sp
    startup_stm32f446xx.o(RESET) refers to startup_stm32f446xx.o(.text) for Reset_Handler
    startup_stm32f446xx.o(RESET) refers to rtos.o(.text.PendSV_Handler) for PendSV_Handler
    startup_stm32f446xx.o(RESET) refers to main.o(.text.SysTick_Handler) for SysTick_Handler
    startup_stm32f446xx.o(.text) refers to system_stm32f4xx.o(.text.SystemInit) for SystemInit
    startup_stm32f446xx.o(.text) refers to entry.o(.ARM.Collect$$$$00000000) for __main
    system_stm32f4xx.o(.ARM.exidx.text.SystemInit) refers to system_stm32f4xx.o(.text.SystemInit) for [Anonymous Symbol]
    system_stm32f4xx.o(.text.SystemCoreClockUpdate) refers to system_stm32f4xx.o(.data.SystemCoreClock) for SystemCoreClock
    system_stm32f4xx.o(.text.SystemCoreClockUpdate) refers to system_stm32f4xx.o(.rodata.AHBPrescTable) for AHBPrescTable
    system_stm32f4xx.o(.ARM.exidx.text.SystemCoreClockUpdate) refers to system_stm32f4xx.o(.text.SystemCoreClockUpdate) for [Anonymous Symbol]
    entry.o(.ARM.Collect$$$$00000000) refers (Special) to entry10a.o(.ARM.Collect$$$$0000000D) for __rt_final_cpp
    entry.o(.ARM.Collect$$$$00000000) refers (Special) to entry11a.o(.ARM.Collect$$$$0000000F) for __rt_final_exit
    entry.o(.ARM.Collect$$$$00000000) refers (Special) to entry7b.o(.ARM.Collect$$$$00000008) for _main_clock
    entry.o(.ARM.Collect$$$$00000000) refers (Special) to entry8b.o(.ARM.Collect$$$$0000000A) for _main_cpp_init
    entry.o(.ARM.Collect$$$$00000000) refers (Special) to entry9a.o(.ARM.Collect$$$$0000000B) for _main_init
    entry.o(.ARM.Collect$$$$00000000) refers (Special) to entry5.o(.ARM.Collect$$$$00000004) for _main_scatterload
    entry.o(.ARM.Collect$$$$00000000) refers (Special) to entry2.o(.ARM.Collect$$$$00000001) for _main_stk
    fputs.o(i.fputs) refers to retarget_io.o(.text.fputc) for fputc
    fwrite.o(i.fwrite) refers to retarget_io.o(.text.fputc) for fputc
    fputs_e.o(.text) refers to retarget_io.o(.text.fputc) for fputc
    fwrite_e.o(.text) refers to retarget_io.o(.text.fputc) for fputc
    entry2.o(.ARM.Collect$$$$00000001) refers to entry2.o(.ARM.Collect$$$$00002712) for __lit__00000000
    entry2.o(.ARM.Collect$$$$00002712) refers to startup_stm32f446xx.o(STACK) for __initial_sp
    entry2.o(__vectab_stack_and_reset_area) refers to startup_stm32f446xx.o(STACK) for __initial_sp
    entry2.o(__vectab_stack_and_reset_area) refers to entry.o(.ARM.Collect$$$$00000000) for __main
    entry5.o(.ARM.Collect$$$$00000004) refers to init.o(.text) for __scatterload
    entry9a.o(.ARM.Collect$$$$0000000B) refers to main.o(.text.main) for main
    entry9b.o(.ARM.Collect$$$$0000000C) refers to main.o(.text.main) for main
    init.o(.text) refers to entry5.o(.ARM.Collect$$$$00000004) for __main_after_scatterload


==============================================================================

Removing Unused input sections from the image.

    Removing stdout_usart.o(.text), (0 bytes).
    Removing stdout_usart.o(.ARM.exidx.text.stdout_init), (8 bytes).
    Removing stdout_usart.o(.text.stdout_putchar), (20 bytes).
    Removing stdout_usart.o(.ARM.exidx.text.stdout_putchar), (8 bytes).
    Removing rtos.o(.text), (0 bytes).
    Removing rtos.o(.text.AllocateThread), (34 bytes).
    Removing rtos.o(.ARM.exidx.text.AllocateThread), (8 bytes).
    Removing rtos.o(.ARM.exidx.text.OSThreadInit), (8 bytes).
    Removing rtos.o(.ARM.exidx.text.OSInit), (8 bytes).
    Removing rtos.o(.ARM.exidx.text.OS_Scheduler), (8 bytes).
    Removing rtos.o(.ARM.exidx.text.PendSV_Handler), (8 bytes).
    Removing rtos.o(.bss.ThreadCount), (4 bytes).
    Removing rtos.o(.bss.cHead), (4 bytes).
    Removing rtos.o(.bss.sp), (4 bytes).
    Removing main.o(.text), (0 bytes).
    Removing main.o(.ARM.exidx.text.SysTick_Handler), (8 bytes).
    Removing main.o(.text.Delay), (26 bytes).
    Removing main.o(.ARM.exidx.text.Delay), (8 bytes).
    Removing main.o(.text.SystemCoreClockConfigure), (120 bytes).
    Removing main.o(.ARM.exidx.text.SystemCoreClockConfigure), (8 bytes).
    Removing main.o(.ARM.exidx.text.OS_run), (8 bytes).
    Removing main.o(.text.GPIO_Init), (64 bytes).
    Removing main.o(.ARM.exidx.text.GPIO_Init), (8 bytes).
    Removing main.o(.text.GPIO_WritePin), (10 bytes).
    Removing main.o(.ARM.exidx.text.GPIO_WritePin), (8 bytes).
    Removing main.o(.ARM.exidx.text.blink1), (8 bytes).
    Removing main.o(.ARM.exidx.text.blink2), (8 bytes).
    Removing main.o(.ARM.exidx.text.main), (8 bytes).
    Removing main.o(.ARM.use_no_argv), (4 bytes).
    Removing buttons_nucleo-f446re.o(.text), (0 bytes).
    Removing buttons_nucleo-f446re.o(.ARM.exidx.text.Buttons_Initialize), (8 bytes).
    Removing buttons_nucleo-f446re.o(.text.Buttons_Uninitialize), (20 bytes).
    Removing buttons_nucleo-f446re.o(.ARM.exidx.text.Buttons_Uninitialize), (8 bytes).
    Removing buttons_nucleo-f446re.o(.text.Buttons_GetState), (18 bytes).
    Removing buttons_nucleo-f446re.o(.ARM.exidx.text.Buttons_GetState), (8 bytes).
    Removing buttons_nucleo-f446re.o(.text.Buttons_GetCount), (4 bytes).
    Removing buttons_nucleo-f446re.o(.ARM.exidx.text.Buttons_GetCount), (8 bytes).
    Removing led_nucleo-f446re.o(.text), (0 bytes).
    Removing led_nucleo-f446re.o(.ARM.exidx.text.LED_Initialize), (8 bytes).
    Removing led_nucleo-f446re.o(.text.LED_Uninitialize), (4 bytes).
    Removing led_nucleo-f446re.o(.ARM.exidx.text.LED_Uninitialize), (8 bytes).
    Removing led_nucleo-f446re.o(.text.LED_On), (24 bytes).
    Removing led_nucleo-f446re.o(.ARM.exidx.text.LED_On), (8 bytes).
    Removing led_nucleo-f446re.o(.text.LED_Off), (26 bytes).
    Removing led_nucleo-f446re.o(.ARM.exidx.text.LED_Off), (8 bytes).
    Removing led_nucleo-f446re.o(.text.LED_SetOut), (28 bytes).
    Removing led_nucleo-f446re.o(.ARM.exidx.text.LED_SetOut), (8 bytes).
    Removing led_nucleo-f446re.o(.ARM.exidx.text.LED_GetCount), (8 bytes).
    Removing led_nucleo-f446re.o(.rodata.led_mask), (4 bytes).
    Removing retarget_io.o(.text), (0 bytes).
    Removing retarget_io.o(.text.fputc), (22 bytes).
    Removing retarget_io.o(.ARM.exidx.text.fputc), (8 bytes).
    Removing retarget_io.o(.text.fgetc), (6 bytes).
    Removing retarget_io.o(.ARM.exidx.text.fgetc), (8 bytes).
    Removing retarget_io.o(.text.__backspace), (6 bytes).
    Removing retarget_io.o(.ARM.exidx.text.__backspace), (8 bytes).
    Removing retarget_io.o(.text.__aeabi_assert), (176 bytes).
    Removing retarget_io.o(.ARM.exidx.text.__aeabi_assert), (8 bytes).
    Removing retarget_io.o(.text.abort), (2 bytes).
    Removing retarget_io.o(.ARM.exidx.text.abort), (8 bytes).
    Removing startup_stm32f446xx.o(HEAP), (512 bytes).
    Removing system_stm32f4xx.o(.text), (0 bytes).
    Removing system_stm32f4xx.o(.ARM.exidx.text.SystemInit), (8 bytes).
    Removing system_stm32f4xx.o(.ARM.exidx.text.SystemCoreClockUpdate), (8 bytes).
    Removing system_stm32f4xx.o(.rodata.APBPrescTable), (8 bytes).

65 unused section(s) (total 1414 bytes) removed from the image.

==============================================================================

Image Symbol Table

    Local Symbols

    Symbol Name                              Value     Ov Type        Size  Object(Section)

    ../clib/microlib/init/entry.s            0x00000000   Number         0  entry.o ABSOLUTE
    ../clib/microlib/init/entry.s            0x00000000   Number         0  entry2.o ABSOLUTE
    ../clib/microlib/init/entry.s            0x00000000   Number         0  entry5.o ABSOLUTE
    ../clib/microlib/init/entry.s            0x00000000   Number         0  entry7a.o ABSOLUTE
    ../clib/microlib/init/entry.s            0x00000000   Number         0  entry7b.o ABSOLUTE
    ../clib/microlib/init/entry.s            0x00000000   Number         0  entry8a.o ABSOLUTE
    ../clib/microlib/init/entry.s            0x00000000   Number         0  entry8b.o ABSOLUTE
    ../clib/microlib/init/entry.s            0x00000000   Number         0  entry9a.o ABSOLUTE
    ../clib/microlib/init/entry.s            0x00000000   Number         0  entry9b.o ABSOLUTE
    ../clib/microlib/init/entry.s            0x00000000   Number         0  entry10a.o ABSOLUTE
    ../clib/microlib/init/entry.s            0x00000000   Number         0  entry10b.o ABSOLUTE
    ../clib/microlib/init/entry.s            0x00000000   Number         0  entry11a.o ABSOLUTE
    ../clib/microlib/init/entry.s            0x00000000   Number         0  entry11b.o ABSOLUTE
    ../clib/microlib/stdio/fputs.c           0x00000000   Number         0  fputs.o ABSOLUTE
    ../clib/microlib/stdio/fputs.c           0x00000000   Number         0  fputs_e.o ABSOLUTE
    ../clib/microlib/stdio/fwrite.c          0x00000000   Number         0  fwrite.o ABSOLUTE
    ../clib/microlib/stdio/fwrite.c          0x00000000   Number         0  fwrite_e.o ABSOLUTE
    ../clib/microlib/stdio/streams.c         0x00000000   Number         0  stdout.o ABSOLUTE
    ../clib/microlib/stdio/streams.c         0x00000000   Number         0  stderr.o ABSOLUTE
    Buttons_NUCLEO-F446RE.c                  0x00000000   Number         0  buttons_nucleo-f446re.o ABSOLUTE
    LED_NUCLEO-F446RE.c                      0x00000000   Number         0  led_nucleo-f446re.o ABSOLUTE
    RTE/Device/STM32F446RETx/startup_stm32f446xx.s 0x00000000   Number         0  startup_stm32f446xx.o ABSOLUTE
    dc.s                                     0x00000000   Number         0  dc.o ABSOLUTE
    handlers.s                               0x00000000   Number         0  handlers.o ABSOLUTE
    init.s                                   0x00000000   Number         0  init.o ABSOLUTE
    main.c                                   0x00000000   Number         0  main.o ABSOLUTE
    retarget_io.c                            0x00000000   Number         0  retarget_io.o ABSOLUTE
    rtos.c                                   0x00000000   Number         0  rtos.o ABSOLUTE
    stdout_USART.c                           0x00000000   Number         0  stdout_usart.o ABSOLUTE
    system_stm32f4xx.c                       0x00000000   Number         0  system_stm32f4xx.o ABSOLUTE
    RESET                                    0x08000000   Section      452  startup_stm32f446xx.o(RESET)
    .ARM.Collect$$$$00000000                 0x080001c4   Section        0  entry.o(.ARM.Collect$$$$00000000)
    .ARM.Collect$$$$00000001                 0x080001c4   Section        4  entry2.o(.ARM.Collect$$$$00000001)
    .ARM.Collect$$$$00000004                 0x080001c8   Section        4  entry5.o(.ARM.Collect$$$$00000004)
    .ARM.Collect$$$$00000008                 0x080001cc   Section        0  entry7b.o(.ARM.Collect$$$$00000008)
    .ARM.Collect$$$$0000000A                 0x080001cc   Section        0  entry8b.o(.ARM.Collect$$$$0000000A)
    .ARM.Collect$$$$0000000B                 0x080001cc   Section        8  entry9a.o(.ARM.Collect$$$$0000000B)
    __lit__00000000                          0x080001d4   Data           4  entry2.o(.ARM.Collect$$$$00002712)
    .ARM.Collect$$$$0000000D                 0x080001d4   Section        0  entry10a.o(.ARM.Collect$$$$0000000D)
    .ARM.Collect$$$$0000000F                 0x080001d4   Section        0  entry11a.o(.ARM.Collect$$$$0000000F)
    .ARM.Collect$$$$00002712                 0x080001d4   Section        4  entry2.o(.ARM.Collect$$$$00002712)
    $v0                                      0x080001d8   Number         0  startup_stm32f446xx.o(.text)
    .text                                    0x080001d8   Section       36  startup_stm32f446xx.o(.text)
    .text                                    0x080001fc   Section       48  init.o(.text)
    [Anonymous Symbol]                       0x0800022c   Section        0  buttons_nucleo-f446re.o(.text.Buttons_Initialize)
    [Anonymous Symbol]                       0x0800026c   Section        0  led_nucleo-f446re.o(.text.LED_GetCount)
    [Anonymous Symbol]                       0x08000270   Section        0  led_nucleo-f446re.o(.text.LED_Initialize)
    [Anonymous Symbol]                       0x080002bc   Section        0  rtos.o(.text.OSInit)
    [Anonymous Symbol]                       0x080002e0   Section        0  rtos.o(.text.OSThreadInit)
    [Anonymous Symbol]                       0x0800030c   Section        0  rtos.o(.text.OS_Scheduler)
    [Anonymous Symbol]                       0x08000344   Section        0  main.o(.text.OS_run)
    [Anonymous Symbol]                       0x0800040c   Section        0  rtos.o(.text.PendSV_Handler)
    [Anonymous Symbol]                       0x08000438   Section        0  main.o(.text.SysTick_Handler)
    [Anonymous Symbol]                       0x08000454   Section        0  system_stm32f4xx.o(.text.SystemCoreClockUpdate)
    [Anonymous Symbol]                       0x080004dc   Section        0  system_stm32f4xx.o(.text.SystemInit)
    [Anonymous Symbol]                       0x08000524   Section        0  main.o(.text.blink1)
    [Anonymous Symbol]                       0x08000570   Section        0  main.o(.text.blink2)
    [Anonymous Symbol]                       0x080005bc   Section        0  main.o(.text.main)
    [Anonymous Symbol]                       0x08000640   Section        0  stdout_usart.o(.text.stdout_init)
    i.__scatterload_copy                     0x0800069a   Section       14  handlers.o(i.__scatterload_copy)
    i.__scatterload_null                     0x080006a8   Section        2  handlers.o(i.__scatterload_null)
    i.__scatterload_zeroinit                 0x080006aa   Section       14  handlers.o(i.__scatterload_zeroinit)
    STACK                                    0x20001448   Section     1024  startup_stm32f446xx.o(STACK)

    Global Symbols

    Symbol Name                              Value     Ov Type        Size  Object(Section)

    BuildAttributes$$THM_ISAv4$E$P$D$K$B$S$7EM$VFPi3$EXTD16$VFPS$VFMA$PE$A:L22UL41UL21$X:L11$S22US41US21$IEEE1$IW$~IW$USESV6$~STKCKD$USESV7$~SHL$OTIME$EBA8$MICROLIB$REQ8$PRES8$EABIv2 0x00000000   Number         0  anon$$obj.o ABSOLUTE
    __cpp_initialize__aeabi_                  - Undefined Weak Reference
    __cxa_finalize                            - Undefined Weak Reference
    __decompress                              - Undefined Weak Reference
    _clock_init                               - Undefined Weak Reference
    _microlib_exit                            - Undefined Weak Reference
    __Vectors_Size                           0x000001c4   Number         0  startup_stm32f446xx.o ABSOLUTE
    __Vectors                                0x08000000   Data           4  startup_stm32f446xx.o(RESET)
    __Vectors_End                            0x080001c4   Data           0  startup_stm32f446xx.o(RESET)
    __main                                   0x080001c5   Thumb Code     0  entry.o(.ARM.Collect$$$$00000000)
    _main_stk                                0x080001c5   Thumb Code     0  entry2.o(.ARM.Collect$$$$00000001)
    _main_scatterload                        0x080001c9   Thumb Code     0  entry5.o(.ARM.Collect$$$$00000004)
    __main_after_scatterload                 0x080001cd   Thumb Code     0  entry5.o(.ARM.Collect$$$$00000004)
    _main_clock                              0x080001cd   Thumb Code     0  entry7b.o(.ARM.Collect$$$$00000008)
    _main_cpp_init                           0x080001cd   Thumb Code     0  entry8b.o(.ARM.Collect$$$$0000000A)
    _main_init                               0x080001cd   Thumb Code     0  entry9a.o(.ARM.Collect$$$$0000000B)
    __rt_final_cpp                           0x080001d5   Thumb Code     0  entry10a.o(.ARM.Collect$$$$0000000D)
    __rt_final_exit                          0x080001d5   Thumb Code     0  entry11a.o(.ARM.Collect$$$$0000000F)
    Reset_Handler                            0x080001d9   Thumb Code     8  startup_stm32f446xx.o(.text)
    NMI_Handler                              0x080001e1   Thumb Code     2  startup_stm32f446xx.o(.text)
    HardFault_Handler                        0x080001e3   Thumb Code     2  startup_stm32f446xx.o(.text)
    MemManage_Handler                        0x080001e5   Thumb Code     2  startup_stm32f446xx.o(.text)
    BusFault_Handler                         0x080001e7   Thumb Code     2  startup_stm32f446xx.o(.text)
    UsageFault_Handler                       0x080001e9   Thumb Code     2  startup_stm32f446xx.o(.text)
    SVC_Handler                              0x080001eb   Thumb Code     2  startup_stm32f446xx.o(.text)
    DebugMon_Handler                         0x080001ed   Thumb Code     2  startup_stm32f446xx.o(.text)
    ADC_IRQHandler                           0x080001f3   Thumb Code     0  startup_stm32f446xx.o(.text)
    CAN1_RX0_IRQHandler                      0x080001f3   Thumb Code     0  startup_stm32f446xx.o(.text)
    CAN1_RX1_IRQHandler                      0x080001f3   Thumb Code     0  startup_stm32f446xx.o(.text)
    CAN1_SCE_IRQHandler                      0x080001f3   Thumb Code     0  startup_stm32f446xx.o(.text)
    CAN1_TX_IRQHandler                       0x080001f3   Thumb Code     0  startup_stm32f446xx.o(.text)
    CAN2_RX0_IRQHandler                      0x080001f3   Thumb Code     0  startup_stm32f446xx.o(.text)
    CAN2_RX1_IRQHandler                      0x080001f3   Thumb Code     0  startup_stm32f446xx.o(.text)
    CAN2_SCE_IRQHandler                      0x080001f3   Thumb Code     0  startup_stm32f446xx.o(.text)
    CAN2_TX_IRQHandler                       0x080001f3   Thumb Code     0  startup_stm32f446xx.o(.text)
    CEC_IRQHandler                           0x080001f3   Thumb Code     0  startup_stm32f446xx.o(.text)
    DCMI_IRQHandler                          0x080001f3   Thumb Code     0  startup_stm32f446xx.o(.text)
    DMA1_Stream0_IRQHandler                  0x080001f3   Thumb Code     0  startup_stm32f446xx.o(.text)
    DMA1_Stream1_IRQHandler                  0x080001f3   Thumb Code     0  startup_stm32f446xx.o(.text)
    DMA1_Stream2_IRQHandler                  0x080001f3   Thumb Code     0  startup_stm32f446xx.o(.text)
    DMA1_Stream3_IRQHandler                  0x080001f3   Thumb Code     0  startup_stm32f446xx.o(.text)
    DMA1_Stream4_IRQHandler                  0x080001f3   Thumb Code     0  startup_stm32f446xx.o(.text)
    DMA1_Stream5_IRQHandler                  0x080001f3   Thumb Code     0  startup_stm32f446xx.o(.text)
    DMA1_Stream6_IRQHandler                  0x080001f3   Thumb Code     0  startup_stm32f446xx.o(.text)
    DMA1_Stream7_IRQHandler                  0x080001f3   Thumb Code     0  startup_stm32f446xx.o(.text)
    DMA2_Stream0_IRQHandler                  0x080001f3   Thumb Code     0  startup_stm32f446xx.o(.text)
    DMA2_Stream1_IRQHandler                  0x080001f3   Thumb Code     0  startup_stm32f446xx.o(.text)
    DMA2_Stream2_IRQHandler                  0x080001f3   Thumb Code     0  startup_stm32f446xx.o(.text)
    DMA2_Stream3_IRQHandler                  0x080001f3   Thumb Code     0  startup_stm32f446xx.o(.text)
    DMA2_Stream4_IRQHandler                  0x080001f3   Thumb Code     0  startup_stm32f446xx.o(.text)
    DMA2_Stream5_IRQHandler                  0x080001f3   Thumb Code     0  startup_stm32f446xx.o(.text)
    DMA2_Stream6_IRQHandler                  0x080001f3   Thumb Code     0  startup_stm32f446xx.o(.text)
    DMA2_Stream7_IRQHandler                  0x080001f3   Thumb Code     0  startup_stm32f446xx.o(.text)
    EXTI0_IRQHandler                         0x080001f3   Thumb Code     0  startup_stm32f446xx.o(.text)
    EXTI15_10_IRQHandler                     0x080001f3   Thumb Code     0  startup_stm32f446xx.o(.text)
    EXTI1_IRQHandler                         0x080001f3   Thumb Code     0  startup_stm32f446xx.o(.text)
    EXTI2_IRQHandler                         0x080001f3   Thumb Code     0  startup_stm32f446xx.o(.text)
    EXTI3_IRQHandler                         0x080001f3   Thumb Code     0  startup_stm32f446xx.o(.text)
    EXTI4_IRQHandler                         0x080001f3   Thumb Code     0  startup_stm32f446xx.o(.text)
    EXTI9_5_IRQHandler                       0x080001f3   Thumb Code     0  startup_stm32f446xx.o(.text)
    FLASH_IRQHandler                         0x080001f3   Thumb Code     0  startup_stm32f446xx.o(.text)
    FMC_IRQHandler                           0x080001f3   Thumb Code     0  startup_stm32f446xx.o(.text)
    FMPI2C1_ER_IRQHandler                    0x080001f3   Thumb Code     0  startup_stm32f446xx.o(.text)
    FMPI2C1_EV_IRQHandler                    0x080001f3   Thumb Code     0  startup_stm32f446xx.o(.text)
    FPU_IRQHandler                           0x080001f3   Thumb Code     0  startup_stm32f446xx.o(.text)
    I2C1_ER_IRQHandler                       0x080001f3   Thumb Code     0  startup_stm32f446xx.o(.text)
    I2C1_EV_IRQHandler                       0x080001f3   Thumb Code     0  startup_stm32f446xx.o(.text)
    I2C2_ER_IRQHandler                       0x080001f3   Thumb Code     0  startup_stm32f446xx.o(.text)
    I2C2_EV_IRQHandler                       0x080001f3   Thumb Code     0  startup_stm32f446xx.o(.text)
    I2C3_ER_IRQHandler                       0x080001f3   Thumb Code     0  startup_stm32f446xx.o(.text)
    I2C3_EV_IRQHandler                       0x080001f3   Thumb Code     0  startup_stm32f446xx.o(.text)
    OTG_FS_IRQHandler                        0x080001f3   Thumb Code     0  startup_stm32f446xx.o(.text)
    OTG_FS_WKUP_IRQHandler                   0x080001f3   Thumb Code     0  startup_stm32f446xx.o(.text)
    OTG_HS_EP1_IN_IRQHandler                 0x080001f3   Thumb Code     0  startup_stm32f446xx.o(.text)
    OTG_HS_EP1_OUT_IRQHandler                0x080001f3   Thumb Code     0  startup_stm32f446xx.o(.text)
    OTG_HS_IRQHandler                        0x080001f3   Thumb Code     0  startup_stm32f446xx.o(.text)
    OTG_HS_WKUP_IRQHandler                   0x080001f3   Thumb Code     0  startup_stm32f446xx.o(.text)
    PVD_IRQHandler                           0x080001f3   Thumb Code     0  startup_stm32f446xx.o(.text)
    QUADSPI_IRQHandler                       0x080001f3   Thumb Code     0  startup_stm32f446xx.o(.text)
    RCC_IRQHandler                           0x080001f3   Thumb Code     0  startup_stm32f446xx.o(.text)
    RTC_Alarm_IRQHandler                     0x080001f3   Thumb Code     0  startup_stm32f446xx.o(.text)
    RTC_WKUP_IRQHandler                      0x080001f3   Thumb Code     0  startup_stm32f446xx.o(.text)
    SAI1_IRQHandler                          0x080001f3   Thumb Code     0  startup_stm32f446xx.o(.text)
    SAI2_IRQHandler                          0x080001f3   Thumb Code     0  startup_stm32f446xx.o(.text)
    SDIO_IRQHandler                          0x080001f3   Thumb Code     0  startup_stm32f446xx.o(.text)
    SPDIF_RX_IRQHandler                      0x080001f3   Thumb Code     0  startup_stm32f446xx.o(.text)
    SPI1_IRQHandler                          0x080001f3   Thumb Code     0  startup_stm32f446xx.o(.text)
    SPI2_IRQHandler                          0x080001f3   Thumb Code     0  startup_stm32f446xx.o(.text)
    SPI3_IRQHandler                          0x080001f3   Thumb Code     0  startup_stm32f446xx.o(.text)
    SPI4_IRQHandler                          0x080001f3   Thumb Code     0  startup_stm32f446xx.o(.text)
    TAMP_STAMP_IRQHandler                    0x080001f3   Thumb Code     0  startup_stm32f446xx.o(.text)
    TIM1_BRK_TIM9_IRQHandler                 0x080001f3   Thumb Code     0  startup_stm32f446xx.o(.text)
    TIM1_CC_IRQHandler                       0x080001f3   Thumb Code     0  startup_stm32f446xx.o(.text)
    TIM1_TRG_COM_TIM11_IRQHandler            0x080001f3   Thumb Code     0  startup_stm32f446xx.o(.text)
    TIM1_UP_TIM10_IRQHandler                 0x080001f3   Thumb Code     0  startup_stm32f446xx.o(.text)
    TIM2_IRQHandler                          0x080001f3   Thumb Code     0  startup_stm32f446xx.o(.text)
    TIM3_IRQHandler                          0x080001f3   Thumb Code     0  startup_stm32f446xx.o(.text)
    TIM4_IRQHandler                          0x080001f3   Thumb Code     0  startup_stm32f446xx.o(.text)
    TIM5_IRQHandler                          0x080001f3   Thumb Code     0  startup_stm32f446xx.o(.text)
    TIM6_DAC_IRQHandler                      0x080001f3   Thumb Code     0  startup_stm32f446xx.o(.text)
    TIM7_IRQHandler                          0x080001f3   Thumb Code     0  startup_stm32f446xx.o(.text)
    TIM8_BRK_TIM12_IRQHandler                0x080001f3   Thumb Code     0  startup_stm32f446xx.o(.text)
    TIM8_CC_IRQHandler                       0x080001f3   Thumb Code     0  startup_stm32f446xx.o(.text)
    TIM8_TRG_COM_TIM14_IRQHandler            0x080001f3   Thumb Code     0  startup_stm32f446xx.o(.text)
    TIM8_UP_TIM13_IRQHandler                 0x080001f3   Thumb Code     0  startup_stm32f446xx.o(.text)
    UART4_IRQHandler                         0x080001f3   Thumb Code     0  startup_stm32f446xx.o(.text)
    UART5_IRQHandler                         0x080001f3   Thumb Code     0  startup_stm32f446xx.o(.text)
    USART1_IRQHandler                        0x080001f3   Thumb Code     0  startup_stm32f446xx.o(.text)
    USART2_IRQHandler                        0x080001f3   Thumb Code     0  startup_stm32f446xx.o(.text)
    USART3_IRQHandler                        0x080001f3   Thumb Code     0  startup_stm32f446xx.o(.text)
    USART6_IRQHandler                        0x080001f3   Thumb Code     0  startup_stm32f446xx.o(.text)
    WWDG_IRQHandler                          0x080001f3   Thumb Code     0  startup_stm32f446xx.o(.text)
    __scatterload                            0x080001fd   Thumb Code    38  init.o(.text)
    __scatterload_rt2                        0x080001fd   Thumb Code     0  init.o(.text)
    Buttons_Initialize                       0x0800022d   Thumb Code    64  buttons_nucleo-f446re.o(.text.Buttons_Initialize)
    LED_GetCount                             0x0800026d   Thumb Code     4  led_nucleo-f446re.o(.text.LED_GetCount)
    LED_Initialize                           0x08000271   Thumb Code    74  led_nucleo-f446re.o(.text.LED_Initialize)
    OSInit                                   0x080002bd   Thumb Code    34  rtos.o(.text.OSInit)
    OSThreadInit                             0x080002e1   Thumb Code    44  rtos.o(.text.OSThreadInit)
    OS_Scheduler                             0x0800030d   Thumb Code    56  rtos.o(.text.OS_Scheduler)
    OS_run                                   0x08000345   Thumb Code   200  main.o(.text.OS_run)
    PendSV_Handler                           0x0800040d   Thumb Code    34  rtos.o(.text.PendSV_Handler)
    SysTick_Handler                          0x08000439   Thumb Code    26  main.o(.text.SysTick_Handler)
    SystemCoreClockUpdate                    0x08000455   Thumb Code   134  system_stm32f4xx.o(.text.SystemCoreClockUpdate)
    SystemInit                               0x080004dd   Thumb Code    72  system_stm32f4xx.o(.text.SystemInit)
    blink1                                   0x08000525   Thumb Code    76  main.o(.text.blink1)
    blink2                                   0x08000571   Thumb Code    76  main.o(.text.blink2)
    main                                     0x080005bd   Thumb Code   130  main.o(.text.main)
    stdout_init                              0x08000641   Thumb Code    90  stdout_usart.o(.text.stdout_init)
    __scatterload_copy                       0x0800069b   Thumb Code    14  handlers.o(i.__scatterload_copy)
    __scatterload_null                       0x080006a9   Thumb Code     2  handlers.o(i.__scatterload_null)
    __scatterload_zeroinit                   0x080006ab   Thumb Code    14  handlers.o(i.__scatterload_zeroinit)
    AHBPrescTable                            0x080006b8   Data          16  system_stm32f4xx.o(.rodata.AHBPrescTable)
    Region$$Table$$Base                      0x080006c8   Number         0  anon$$obj.o(Region$$Table)
    Region$$Table$$Limit                     0x080006e8   Number         0  anon$$obj.o(Region$$Table)
    SystemCoreClock                          0x20000000   Data           4  system_stm32f4xx.o(.data.SystemCoreClock)
    ThreadIndex                              0x20000004   Data           4  rtos.o(.data.ThreadIndex)
    temp                                     0x20000008   Data           4  rtos.o(.data.temp)
    OSCur                                    0x20000010   Data           4  rtos.o(.bss.OSCur)
    OSNext                                   0x20000014   Data           4  rtos.o(.bss.OSNext)
    ThreadList                               0x20000018   Data          40  rtos.o(.bss.ThreadList)
    msTicks                                  0x20000040   Data           4  main.o(.bss.msTicks)
    stack                                    0x20000044   Data        5120  rtos.o(.bss.stack)
    __initial_sp                             0x20001848   Data           0  startup_stm32f446xx.o(STACK)



==============================================================================

Memory Map of the image

  Image Entry point : 0x080001c5

  Load Region LR_IROM1 (Base: 0x08000000, Size: 0x000006f8, Max: 0x00080000, ABSOLUTE)

    Execution Region ER_IROM1 (Exec base: 0x08000000, Load base: 0x08000000, Size: 0x000006e8, Max: 0x00080000, ABSOLUTE)

    Exec Addr    Load Addr    Size         Type   Attr      Idx    E Section Name        Object

    0x08000000   0x08000000   0x000001c4   Data   RO          124    RESET               startup_stm32f446xx.o
    0x080001c4   0x080001c4   0x00000000   Code   RO          146  * .ARM.Collect$$$$00000000  mc_w.l(entry.o)
    0x080001c4   0x080001c4   0x00000004   Code   RO          159    .ARM.Collect$$$$00000001  mc_w.l(entry2.o)
    0x080001c8   0x080001c8   0x00000004   Code   RO          162    .ARM.Collect$$$$00000004  mc_w.l(entry5.o)
    0x080001cc   0x080001cc   0x00000000   Code   RO          164    .ARM.Collect$$$$00000008  mc_w.l(entry7b.o)
    0x080001cc   0x080001cc   0x00000000   Code   RO          166    .ARM.Collect$$$$0000000A  mc_w.l(entry8b.o)
    0x080001cc   0x080001cc   0x00000008   Code   RO          167    .ARM.Collect$$$$0000000B  mc_w.l(entry9a.o)
    0x080001d4   0x080001d4   0x00000000   Code   RO          169    .ARM.Collect$$$$0000000D  mc_w.l(entry10a.o)
    0x080001d4   0x080001d4   0x00000000   Code   RO          171    .ARM.Collect$$$$0000000F  mc_w.l(entry11a.o)
    0x080001d4   0x080001d4   0x00000004   Code   RO          160    .ARM.Collect$$$$00002712  mc_w.l(entry2.o)
    0x080001d8   0x080001d8   0x00000024   Code   RO          125    .text               startup_stm32f446xx.o
    0x080001fc   0x080001fc   0x00000030   Code   RO          173    .text               mc_w.l(init.o)
    0x0800022c   0x0800022c   0x00000040   Code   RO           68    .text.Buttons_Initialize  buttons_nucleo-f446re.o
    0x0800026c   0x0800026c   0x00000004   Code   RO           94    .text.LED_GetCount  led_nucleo-f446re.o
    0x08000270   0x08000270   0x0000004a   Code   RO           84    .text.LED_Initialize  led_nucleo-f446re.o
    0x080002ba   0x080002ba   0x00000002   PAD
    0x080002bc   0x080002bc   0x00000022   Code   RO           17    .text.OSInit        rtos.o
    0x080002de   0x080002de   0x00000002   PAD
    0x080002e0   0x080002e0   0x0000002c   Code   RO           15    .text.OSThreadInit  rtos.o
    0x0800030c   0x0800030c   0x00000038   Code   RO           19    .text.OS_Scheduler  rtos.o
    0x08000344   0x08000344   0x000000c8   Code   RO           46    .text.OS_run        main.o
    0x0800040c   0x0800040c   0x0000002c   Code   RO           21    .text.PendSV_Handler  rtos.o
    0x08000438   0x08000438   0x0000001a   Code   RO           40    .text.SysTick_Handler  main.o
    0x08000452   0x08000452   0x00000002   PAD
    0x08000454   0x08000454   0x00000086   Code   RO          134    .text.SystemCoreClockUpdate  system_stm32f4xx.o
    0x080004da   0x080004da   0x00000002   PAD
    0x080004dc   0x080004dc   0x00000048   Code   RO          132    .text.SystemInit    system_stm32f4xx.o
    0x08000524   0x08000524   0x0000004c   Code   RO           52    .text.blink1        main.o
    0x08000570   0x08000570   0x0000004c   Code   RO           54    .text.blink2        main.o
    0x080005bc   0x080005bc   0x00000082   Code   RO           56    .text.main          main.o
    0x0800063e   0x0800063e   0x00000002   PAD
    0x08000640   0x08000640   0x0000005a   Code   RO            2    .text.stdout_init   stdout_usart.o
    0x0800069a   0x0800069a   0x0000000e   Code   RO          177    i.__scatterload_copy  mc_w.l(handlers.o)
    0x080006a8   0x080006a8   0x00000002   Code   RO          178    i.__scatterload_null  mc_w.l(handlers.o)
    0x080006aa   0x080006aa   0x0000000e   Code   RO          179    i.__scatterload_zeroinit  mc_w.l(handlers.o)
    0x080006b8   0x080006b8   0x00000010   Data   RO          137    .rodata.AHBPrescTable  system_stm32f4xx.o
    0x080006c8   0x080006c8   0x00000020   Data   RO          176    Region$$Table       anon$$obj.o


    Execution Region RW_IRAM1 (Exec base: 0x20000000, Load base: 0x080006e8, Size: 0x00001848, Max: 0x00020000, ABSOLUTE)

    Exec Addr    Load Addr    Size         Type   Attr      Idx    E Section Name        Object

    0x20000000   0x080006e8   0x00000004   Data   RW          136    .data.SystemCoreClock  system_stm32f4xx.o
    0x20000004   0x080006ec   0x00000004   Data   RW           25    .data.ThreadIndex   rtos.o
    0x20000008   0x080006f0   0x00000004   Data   RW           27    .data.temp          rtos.o
    0x2000000c   0x080006f4   0x00000004   PAD
    0x20000010        -       0x00000004   Zero   RW           28    .bss.OSCur          rtos.o
    0x20000014        -       0x00000004   Zero   RW           29    .bss.OSNext         rtos.o
    0x20000018        -       0x00000028   Zero   RW           26    .bss.ThreadList     rtos.o
    0x20000040        -       0x00000004   Zero   RW           58    .bss.msTicks        main.o
    0x20000044        -       0x00001400   Zero   RW           30    .bss.stack          rtos.o
    0x20001444   0x080006f4   0x00000004   PAD
    0x20001448        -       0x00000400   Zero   RW          122    STACK               startup_stm32f446xx.o


==============================================================================

Image component sizes


      Code (inc. data)   RO Data    RW Data    ZI Data      Debug   Object Name

        64          0          0          0          0       2359   buttons_nucleo-f446re.o
        78          0          0          0          0       2890   led_nucleo-f446re.o
       508          0          0          0          4       7805   main.o
       178          8          0          8       5168       1964   rtos.o
        36          8        452          0       1024        896   startup_stm32f446xx.o
        90          0          0          0          0       2063   stdout_usart.o
       206          0         16          4          0       2982   system_stm32f4xx.o

    ----------------------------------------------------------------------
      1170         16        500         12       6204      20959   Object Totals
         0          0         32          0          0          0   (incl. Generated)
        10          0          0          0          8          0   (incl. Padding)

    ----------------------------------------------------------------------

      Code (inc. data)   RO Data    RW Data    ZI Data      Debug   Library Member Name

         0          0          0          0          0          0   entry.o
         0          0          0          0          0          0   entry10a.o
         0          0          0          0          0          0   entry11a.o
         8          4          0          0          0          0   entry2.o
         4          0          0          0          0          0   entry5.o
         0          0          0          0          0          0   entry7b.o
         0          0          0          0          0          0   entry8b.o
         8          4          0          0          0          0   entry9a.o
        30          0          0          0          0          0   handlers.o
        48         10          0          0          0         68   init.o

    ----------------------------------------------------------------------
        98         18          0          0          0         68   Library Totals
         0          0          0          0          0          0   (incl. Padding)

    ----------------------------------------------------------------------

      Code (inc. data)   RO Data    RW Data    ZI Data      Debug   Library Name

        98         18          0          0          0         68   mc_w.l

    ----------------------------------------------------------------------
        98         18          0          0          0         68   Library Totals

    ----------------------------------------------------------------------

==============================================================================


      Code (inc. data)   RO Data    RW Data    ZI Data      Debug   

      1268         34        500         12       6204      21131   Grand Totals
      1268         34        500         12       6204      21131   ELF Image Totals
      1268         34        500         12          0          0   ROM Totals

==============================================================================

    Total RO  Size (Code + RO Data)                 1768 (   1.73kB)
    Total RW  Size (RW Data + ZI Data)              6216 (   6.07kB)
    Total ROM Size (Code + RO Data + RW Data)       1780 (   1.74kB)

==============================================================================

