<html>
<body>
<pre>
<h1>µVision Build Log</h1>
<h2>Tool Versions:</h2>
IDE-Version: µVision V5.39.0.0
Copyright (C) 2023 ARM Ltd and ARM Germany GmbH. All rights reserved.
License Information: R B, NA, LIC=----
 
Tool Versions:
Toolchain:       MDK-Lite  Version: 5.39.0.0
Toolchain Path:  C:\Keil_v5\ARM\ARMCLANG\Bin
C Compiler:      ArmClang.exe V6.21
Assembler:       Armasm.exe V6.21
Linker/Locator:  ArmLink.exe V6.21
Library Manager: ArmAr.exe V6.21
Hex Converter:   FromElf.exe V6.21
CPU DLL:         SARMCM3.DLL V5.39.0.0
Dialog DLL:      DCM.DLL V1.17.5.0
Target DLL:      STLink\ST-LINKIII-KEIL_SWO.dll V3.2.0.0
Dialog DLL:      TCM.DLL V1.56.4.0
 
<h2>Project:</h2>
C:\Users\risha\Documents\test\Boards\ST\NUCLEO-F446RE\rtos\cosmos.uvprojx
Project File Date:  06/30/2024

<h2>Output:</h2>
*** Using Compiler 'V6.21', folder: 'C:\Keil_v5\ARM\ARMCLANG\Bin'
Build target 'STM32F446 Flash'
compiling main.c...
linking...
Program Size: Code=1612 RO-data=500 RW-data=16 ZI-data=6208  
".\Flash\Blinky.axf" - 0 Error(s), 0 Warning(s).

<h2>Software Packages used:</h2>

Package Vendor: ARM
                https://www.keil.com/pack/ARM.CMSIS.6.0.0.pack
                ARM::CMSIS@6.0.0
                CMSIS (Common Microcontroller Software Interface Standard)
   * Component: CORE Version: 6.0.0

Package Vendor: Keil
                https://www.keil.com/pack/Keil.ARM_Compiler.1.7.2.pack
                Keil::ARM_Compiler@1.7.2
                Keil ARM Compiler extensions for ARM Compiler 5 and ARM Compiler 6
   * Component: STDOUT Variant: User Version: 1.2.0

Package Vendor: Keil
                https://www.keil.com/pack/Keil.MDK-Middleware.7.16.0.pack
                Keil::MDK-Middleware@7.16.0
                Middleware for Keil MDK-Professional and MDK-Plus
   * Component: Buttons Version: 1.0.0
   * Component: LED Version: 1.0.0

Package Vendor: Keil
                https://www.keil.com/pack/Keil.STM32F4xx_DFP.2.17.1.pack
                Keil::STM32F4xx_DFP@2.17.1
                STMicroelectronics STM32F4 Series Device Support, Drivers and Examples
   * Component: Startup Version: 2.6.3

Package Vendor: Keil
                https://www.keil.com/pack/Keil.STM32NUCLEO_BSP.1.8.1.pack
                Keil::STM32NUCLEO_BSP@1.8.1
                STMicroelectronics Nucleo Boards Support and Examples
   * Component: Buttons Version: 1.1.0
   * Component: LED Version: 1.1.0

<h2>Collection of Component include folders:</h2>
  ./RTE/_STM32F446_Flash
  C:/Users/risha/AppData/Local/Arm/Packs/ARM/CMSIS/6.0.0/CMSIS/Core/Include
  C:/Users/risha/AppData/Local/Arm/Packs/Keil/MDK-Middleware/7.16.0/Board
  C:/Users/risha/AppData/Local/Arm/Packs/Keil/STM32F4xx_DFP/2.17.1/Drivers/CMSIS/Device/ST/STM32F4xx/Include

<h2>Collection of Component Files used:</h2>

   * Component: ::Board Support:Buttons(API)@1.0.0
      Include file:  Board/Board_Buttons.h

   * Component: ::Board Support:LED(API)@1.0.0
      Include file:  Board/Board_LED.h

   * Component: ARM::CMSIS:CORE@6.0.0

   * Component: Keil::Board Support&NUCLEO-F446RE:Buttons@1.1.0
      Source file:   Boards/ST/NUCLEO-F446RE/Common/Buttons_NUCLEO-F446RE.c

   * Component: Keil::Board Support&NUCLEO-F446RE:LED@1.1.0
      Source file:   Boards/ST/NUCLEO-F446RE/Common/LED_NUCLEO-F446RE.c

   * Component: Keil::Compiler&ARM Compiler:I/O:STDOUT&User@1.2.0
      Source file:   Template/stdout_user.c
      Source file:   Template/stdout_display.c
      Source file:   Source/retarget_io.c
      Source file:   Template/stdout_USART.c

   * Component: Keil::Device:Startup@2.6.3
      Source file:   Drivers/CMSIS/Device/ST/STM32F4xx/Source/Templates/arm/startup_stm32f446xx.s
      Source file:   MDK/Device/Source/ARM/STM32F4xx_OTP.s
      Include file:  Drivers/CMSIS/Device/ST/STM32F4xx/Include/stm32f4xx.h
      Source file:   MDK/Device/Source/ARM/STM32F446xx_OPT.s
      Source file:   Drivers/CMSIS/Device/ST/STM32F4xx/Source/Templates/system_stm32f4xx.c
Build Time Elapsed:  00:00:01
</pre>
</body>
</html>
